// Jest Snapshot v1, https://goo.gl/fbAQLP

exports[`Calendar component renders correctly enzyme 1`] = `
<div
  className="calendar"
>
  <div
    className="header row flex-middle"
  >
    <div
      className="col col-start"
    >
      <div
        className="icon"
        onClick={[Function]}
      >
        <svg
          height="24"
          viewBox="0 0 24 24"
          width="24"
          xmlns="http://www.w3.org/2000/svg"
        >
          <path
            d="M15.41 7.41L14 6l-6 6 6 6 1.41-1.41L10.83 12z"
          />
          <path
            d="M0 0h24v24H0z"
            fill="none"
          />
        </svg>
      </div>
    </div>
    <div
      className="col col-center"
    >
      <span>
        March 2020
      </span>
    </div>
    <div
      className="col col-end"
      onClick={[Function]}
    >
      <div
        className="icon"
      >
        <svg
          height="24"
          viewBox="0 0 24 24"
          width="24"
          xmlns="http://www.w3.org/2000/svg"
        >
          <path
            d="M10 6L8.59 7.41 13.17 12l-4.58 4.59L10 18l6-6z"
          />
          <path
            d="M0 0h24v24H0z"
            fill="none"
          />
        </svg>
      </div>
    </div>
  </div>
  <div
    className="days row"
  >
    <div
      className="col col-center"
      key="0"
    >
      0022
    </div>
    <div
      className="col col-center"
      key="1"
    >
      0023
    </div>
    <div
      className="col col-center"
      key="2"
    >
      0024
    </div>
    <div
      className="col col-center"
      key="3"
    >
      0025
    </div>
    <div
      className="col col-center"
      key="4"
    >
      0026
    </div>
    <div
      className="col col-center"
      key="5"
    >
      0027
    </div>
    <div
      className="col col-center"
      key="6"
    >
      0028
    </div>
  </div>
  <div
    className="body"
  >
    <div
      className="row"
      key="Sun Mar 08 2020 00:00:00 GMT-0700 (Mountain Standard Time)"
    >
      <button
        className="col cell "
        key="Sun Mar 01 2020 00:00:00 GMT-0700 (Mountain Standard Time)"
        onClick={[Function]}
        type="button"
      >
        <span
          className="number"
        >
          1
        </span>
        <span
          className="bg"
        >
          1
        </span>
      </button>
      <button
        className="col cell "
        key="Mon Mar 02 2020 00:00:00 GMT-0700 (Mountain Standard Time)"
        onClick={[Function]}
        type="button"
      >
        <span
          className="number"
        >
          2
        </span>
        <span
          className="bg"
        >
          2
        </span>
      </button>
      <button
        className="col cell "
        key="Tue Mar 03 2020 00:00:00 GMT-0700 (Mountain Standard Time)"
        onClick={[Function]}
        type="button"
      >
        <span
          className="number"
        >
          3
        </span>
        <span
          className="bg"
        >
          3
        </span>
      </button>
      <button
        className="col cell "
        key="Wed Mar 04 2020 00:00:00 GMT-0700 (Mountain Standard Time)"
        onClick={[Function]}
        type="button"
      >
        <span
          className="number"
        >
          4
        </span>
        <span
          className="bg"
        >
          4
        </span>
      </button>
      <button
        className="col cell "
        key="Thu Mar 05 2020 00:00:00 GMT-0700 (Mountain Standard Time)"
        onClick={[Function]}
        type="button"
      >
        <span
          className="number"
        >
          5
        </span>
        <span
          className="bg"
        >
          5
        </span>
      </button>
      <button
        className="col cell "
        key="Fri Mar 06 2020 00:00:00 GMT-0700 (Mountain Standard Time)"
        onClick={[Function]}
        type="button"
      >
        <span
          className="number"
        >
          6
        </span>
        <span
          className="bg"
        >
          6
        </span>
      </button>
      <button
        className="col cell "
        key="Sat Mar 07 2020 00:00:00 GMT-0700 (Mountain Standard Time)"
        onClick={[Function]}
        type="button"
      >
        <span
          className="number"
        >
          7
        </span>
        <span
          className="bg"
        >
          7
        </span>
      </button>
    </div>
    <div
      className="row"
      key="Sun Mar 15 2020 00:00:00 GMT-0700 (Mountain Standard Time)"
    >
      <button
        className="col cell "
        key="Sun Mar 08 2020 00:00:00 GMT-0700 (Mountain Standard Time)"
        onClick={[Function]}
        type="button"
      >
        <span
          className="number"
        >
          8
        </span>
        <span
          className="bg"
        >
          8
        </span>
      </button>
      <button
        className="col cell "
        key="Mon Mar 09 2020 00:00:00 GMT-0700 (Mountain Standard Time)"
        onClick={[Function]}
        type="button"
      >
        <span
          className="number"
        >
          9
        </span>
        <span
          className="bg"
        >
          9
        </span>
      </button>
      <button
        className="col cell "
        key="Tue Mar 10 2020 00:00:00 GMT-0700 (Mountain Standard Time)"
        onClick={[Function]}
        type="button"
      >
        <span
          className="number"
        >
          10
        </span>
        <span
          className="bg"
        >
          10
        </span>
      </button>
      <button
        className="col cell "
        key="Wed Mar 11 2020 00:00:00 GMT-0700 (Mountain Standard Time)"
        onClick={[Function]}
        type="button"
      >
        <span
          className="number"
        >
          11
        </span>
        <span
          className="bg"
        >
          11
        </span>
      </button>
      <button
        className="col cell "
        key="Thu Mar 12 2020 00:00:00 GMT-0700 (Mountain Standard Time)"
        onClick={[Function]}
        type="button"
      >
        <span
          className="number"
        >
          12
        </span>
        <span
          className="bg"
        >
          12
        </span>
      </button>
      <button
        className="col cell "
        key="Fri Mar 13 2020 00:00:00 GMT-0700 (Mountain Standard Time)"
        onClick={[Function]}
        type="button"
      >
        <span
          className="number"
        >
          13
        </span>
        <span
          className="bg"
        >
          13
        </span>
      </button>
      <button
        className="col cell "
        key="Sat Mar 14 2020 00:00:00 GMT-0700 (Mountain Standard Time)"
        onClick={[Function]}
        type="button"
      >
        <span
          className="number"
        >
          14
        </span>
        <span
          className="bg"
        >
          14
        </span>
      </button>
    </div>
    <div
      className="row"
      key="Sun Mar 22 2020 00:00:00 GMT-0700 (Mountain Standard Time)"
    >
      <button
        className="col cell "
        key="Sun Mar 15 2020 00:00:00 GMT-0700 (Mountain Standard Time)"
        onClick={[Function]}
        type="button"
      >
        <span
          className="number"
        >
          15
        </span>
        <span
          className="bg"
        >
          15
        </span>
      </button>
      <button
        className="col cell "
        key="Mon Mar 16 2020 00:00:00 GMT-0700 (Mountain Standard Time)"
        onClick={[Function]}
        type="button"
      >
        <span
          className="number"
        >
          16
        </span>
        <span
          className="bg"
        >
          16
        </span>
      </button>
      <button
        className="col cell "
        key="Tue Mar 17 2020 00:00:00 GMT-0700 (Mountain Standard Time)"
        onClick={[Function]}
        type="button"
      >
        <span
          className="number"
        >
          17
        </span>
        <span
          className="bg"
        >
          17
        </span>
      </button>
      <button
        className="col cell "
        key="Wed Mar 18 2020 00:00:00 GMT-0700 (Mountain Standard Time)"
        onClick={[Function]}
        type="button"
      >
        <span
          className="number"
        >
          18
        </span>
        <span
          className="bg"
        >
          18
        </span>
      </button>
      <button
        className="col cell "
        key="Thu Mar 19 2020 00:00:00 GMT-0700 (Mountain Standard Time)"
        onClick={[Function]}
        type="button"
      >
        <span
          className="number"
        >
          19
        </span>
        <span
          className="bg"
        >
          19
        </span>
      </button>
      <button
        className="col cell "
        key="Fri Mar 20 2020 00:00:00 GMT-0700 (Mountain Standard Time)"
        onClick={[Function]}
        type="button"
      >
        <span
          className="number"
        >
          20
        </span>
        <span
          className="bg"
        >
          20
        </span>
      </button>
      <button
        className="col cell "
        key="Sat Mar 21 2020 00:00:00 GMT-0700 (Mountain Standard Time)"
        onClick={[Function]}
        type="button"
      >
        <span
          className="number"
        >
          21
        </span>
        <span
          className="bg"
        >
          21
        </span>
      </button>
    </div>
    <div
      className="row"
      key="Sun Mar 29 2020 00:00:00 GMT-0700 (Mountain Standard Time)"
    >
      <button
        className="col cell "
        key="Sun Mar 22 2020 00:00:00 GMT-0700 (Mountain Standard Time)"
        onClick={[Function]}
        type="button"
      >
        <span
          className="number"
        >
          22
        </span>
        <span
          className="bg"
        >
          22
        </span>
      </button>
      <button
        className="col cell selected"
        key="Mon Mar 23 2020 00:00:00 GMT-0700 (Mountain Standard Time)"
        onClick={[Function]}
        type="button"
      >
        <span
          className="number"
        >
          23
        </span>
        <span
          className="bg"
        >
          23
        </span>
      </button>
      <button
        className="col cell "
        key="Tue Mar 24 2020 00:00:00 GMT-0700 (Mountain Standard Time)"
        onClick={[Function]}
        type="button"
      >
        <span
          className="number"
        >
          24
        </span>
        <span
          className="bg"
        >
          24
        </span>
      </button>
      <button
        className="col cell "
        key="Wed Mar 25 2020 00:00:00 GMT-0700 (Mountain Standard Time)"
        onClick={[Function]}
        type="button"
      >
        <span
          className="number"
        >
          25
        </span>
        <span
          className="bg"
        >
          25
        </span>
      </button>
      <button
        className="col cell "
        key="Thu Mar 26 2020 00:00:00 GMT-0700 (Mountain Standard Time)"
        onClick={[Function]}
        type="button"
      >
        <span
          className="number"
        >
          26
        </span>
        <span
          className="bg"
        >
          26
        </span>
      </button>
      <button
        className="col cell "
        key="Fri Mar 27 2020 00:00:00 GMT-0700 (Mountain Standard Time)"
        onClick={[Function]}
        type="button"
      >
        <span
          className="number"
        >
          27
        </span>
        <span
          className="bg"
        >
          27
        </span>
      </button>
      <button
        className="col cell "
        key="Sat Mar 28 2020 00:00:00 GMT-0700 (Mountain Standard Time)"
        onClick={[Function]}
        type="button"
      >
        <span
          className="number"
        >
          28
        </span>
        <span
          className="bg"
        >
          28
        </span>
      </button>
    </div>
    <div
      className="row"
      key="Sun Apr 05 2020 00:00:00 GMT-0700 (Mountain Standard Time)"
    >
      <button
        className="col cell "
        key="Sun Mar 29 2020 00:00:00 GMT-0700 (Mountain Standard Time)"
        onClick={[Function]}
        type="button"
      >
        <span
          className="number"
        >
          29
        </span>
        <span
          className="bg"
        >
          29
        </span>
      </button>
      <button
        className="col cell "
        key="Mon Mar 30 2020 00:00:00 GMT-0700 (Mountain Standard Time)"
        onClick={[Function]}
        type="button"
      >
        <span
          className="number"
        >
          30
        </span>
        <span
          className="bg"
        >
          30
        </span>
      </button>
      <button
        className="col cell "
        key="Tue Mar 31 2020 00:00:00 GMT-0700 (Mountain Standard Time)"
        onClick={[Function]}
        type="button"
      >
        <span
          className="number"
        >
          31
        </span>
        <span
          className="bg"
        >
          31
        </span>
      </button>
      <button
        className="col cell disabled"
        key="Wed Apr 01 2020 00:00:00 GMT-0700 (Mountain Standard Time)"
        onClick={[Function]}
        type="button"
      >
        <span
          className="number"
        >
          1
        </span>
        <span
          className="bg"
        >
          1
        </span>
      </button>
      <button
        className="col cell disabled"
        key="Thu Apr 02 2020 00:00:00 GMT-0700 (Mountain Standard Time)"
        onClick={[Function]}
        type="button"
      >
        <span
          className="number"
        >
          2
        </span>
        <span
          className="bg"
        >
          2
        </span>
      </button>
      <button
        className="col cell disabled"
        key="Fri Apr 03 2020 00:00:00 GMT-0700 (Mountain Standard Time)"
        onClick={[Function]}
        type="button"
      >
        <span
          className="number"
        >
          3
        </span>
        <span
          className="bg"
        >
          3
        </span>
      </button>
      <button
        className="col cell disabled"
        key="Sat Apr 04 2020 00:00:00 GMT-0700 (Mountain Standard Time)"
        onClick={[Function]}
        type="button"
      >
        <span
          className="number"
        >
          4
        </span>
        <span
          className="bg"
        >
          4
        </span>
      </button>
    </div>
  </div>
</div>
`;
